// Jest Snapshot v1, https://goo.gl/fbAQLP

exports[`Test the Chum Component It renders correctly 1`] = `ShallowWrapper {}`;
